
  VITE v5.4.21  ready in 1955 ms

  ➜  Local:   http://localhost:5173/
  ➜  Network: http://10.38.31.121:5173/
1:11:16 PM [vite] hmr update /src/pages/UserProfiles.jsx, /src/pages/EditProfile.jsx
1:11:55 PM [vite] hmr update /src/components/FilterBar.jsx
1:14:02 PM [vite] hmr update /src/pages/UserProfiles.jsx
1:15:45 PM [vite] hmr update /src/pages/AddProfile.jsx
1:17:54 PM [vite] hmr update /src/pages/EditProfile.jsx
1:18:22 PM [vite] hmr update /src/components/ProfileModal.jsx
1:22:06 PM [vite] hmr update /src/pages/UserProfiles.jsx, /src/pages/EditProfile.jsx
1:24:12 PM [vite] hmr update /src/pages/UserProfiles.jsx
1:26:05 PM [vite] hmr update /src/pages/AddProfile.jsx
1:28:29 PM [vite] hmr update /src/pages/EditProfile.jsx
1:29:20 PM [vite] hmr update /src/components/ProfileModal.jsx
1:58:01 PM [vite] hmr update /src/pages/UserProfiles.jsx
2:01:03 PM [vite] hmr update /src/pages/AddProfile.jsx
3:45:34 PM [vite] hmr update /src/pages/UserProfiles.jsx
3:47:43 PM [vite] hmr update /src/pages/UserProfiles.jsx, /src/pages/EditProfile.jsx
3:48:12 PM [vite] hmr update /src/pages/UserProfiles.jsx
3:48:40 PM [vite] hmr update /src/components/ProfileModal.jsx
3:48:58 PM [vite] hmr update /src/components/ProfileModal.jsx
3:49:15 PM [vite] hmr update /src/pages/UserProfiles.jsx
3:51:06 PM [vite] hmr update /src/pages/AddProfile.jsx
3:53:42 PM [vite] hmr update /src/pages/UserProfiles.jsx
3:54:21 PM [vite] hmr update /src/components/LoginToggleModal.jsx
3:57:08 PM [vite] hmr update /src/pages/EditProfile.jsx
3:57:40 PM [vite] hmr update /src/components/DeleteConfirmModal.jsx
4:02:35 PM [vite] hmr update /src/index.css
4:03:04 PM [vite] hmr update /src/pages/AddProfile.jsx
4:03:07 PM [vite] hmr update /src/pages/AddProfile.jsx
4:03:11 PM [vite] hmr update /src/pages/AddProfile.jsx
4:03:16 PM [vite] hmr update /src/pages/EditProfile.jsx
4:03:26 PM [vite] hmr update /src/pages/EditProfile.jsx
4:03:30 PM [vite] hmr update /src/pages/EditProfile.jsx
4:03:34 PM [vite] hmr update /src/pages/EditProfile.jsx
4:03:38 PM [vite] hmr update /src/pages/EditProfile.jsx
4:03:45 PM [vite] hmr update /src/components/LoginToggleModal.jsx
4:03:55 PM [vite] hmr update /src/components/LoginToggleModal.jsx
4:03:58 PM [vite] hmr update /src/components/DeleteConfirmModal.jsx
4:04:06 PM [vite] hmr update /src/components/DeleteConfirmModal.jsx
4:04:10 PM [vite] hmr update /src/components/ProfileModal.jsx
4:04:14 PM [vite] hmr update /src/components/ProfileModal.jsx
4:04:18 PM [vite] hmr update /src/components/ProfileModal.jsx
4:04:21 PM [vite] hmr update /src/App.jsx
4:04:23 PM [vite] hmr update /src/App.jsx
4:04:33 PM [vite] hmr update /src/pages/UserProfiles.jsx
4:04:42 PM [vite] hmr update /src/pages/UserProfiles.jsx
4:04:44 PM [vite] hmr update /src/pages/UserProfiles.jsx
4:04:51 PM [vite] hmr update /src/pages/UserProfiles.jsx
4:04:54 PM [vite] hmr update /src/components/FilterBar.jsx
4:05:26 PM [vite] hmr update /src/components/FilterBar.jsx
4:05:28 PM [vite] hmr update /src/components/FilterBar.jsx
4:09:38 PM [vite] hmr update /src/pages/UserProfiles.jsx
4:13:09 PM [vite] hmr update /src/components/LoginToggleModal.jsx
4:13:31 PM [vite] hmr update /src/components/DeleteConfirmModal.jsx
4:14:13 PM [vite] hmr update /src/components/FilterBar.jsx
4:15:20 PM [vite] hmr update /src/components/ComboboxSelect.jsx
4:15:22 PM [vite] hmr update /src/components/LoginToggleModal.jsx
4:15:26 PM [vite] hmr update /src/components/LoginToggleModal.jsx
4:15:27 PM [vite] hmr update /src/components/DeleteConfirmModal.jsx
4:15:31 PM [vite] hmr update /src/components/DeleteConfirmModal.jsx
4:17:14 PM [vite] hmr update /src/pages/AddProfile.jsx
4:21:38 PM [vite] hmr update /src/components/ComboboxSelect.jsx
4:23:54 PM [vite] hmr update /src/pages/EditProfile.jsx
4:26:02 PM [vite] hmr update /src/pages/AddProfile.jsx
4:28:08 PM [vite] hmr update /src/pages/EditProfile.jsx
4:36:03 PM [vite] hmr update /src/pages/UserProfiles.jsx
4:37:47 PM [vite] hmr update /src/pages/AddProfile.jsx
4:39:32 PM [vite] hmr update /src/pages/EditProfile.jsx
4:42:20 PM [vite] hmr update /src/pages/UserProfiles.jsx
4:43:50 PM [vite] hmr update /src/components/ProfileModal.jsx
4:51:38 PM [vite] hmr update /src/pages/AddProfile.jsx
4:52:04 PM [vite] hmr update /src/pages/EditProfile.jsx
4:58:15 PM [vite] hmr update /src/components/FilterBar.jsx
4:59:06 PM [vite] hmr update /src/pages/UserProfiles.jsx
4:59:40 PM [vite] hmr update /src/pages/UserProfiles.jsx
5:03:12 PM [vite] hmr update /src/pages/UserProfiles.jsx
5:03:33 PM [vite] hmr update /src/components/FilterBar.jsx
5:06:55 PM [vite] hmr update /src/components/ComboboxSelect.jsx
5:07:16 PM [vite] hmr update /src/components/ComboboxSelect.jsx
5:07:36 PM [vite] hmr update /src/components/ComboboxSelect.jsx
5:08:00 PM [vite] hmr update /src/components/FilterBar.jsx
5:08:21 PM [vite] hmr update /src/components/FilterBar.jsx
5:08:21 PM [vite] Internal server error: /Users/setuupadhyay/admin-login/src/components/FilterBar.jsx: Identifier 'removeFilter' has already been declared. (37:8)

  35 |   if (localFilters.search) activeFilterPills.push({ key: 'search', label: `Search: ${localFilters.search}`, value: '' });
  36 |
> 37 |   const removeFilter = (key) => {
     |         ^
  38 |     handleChange(key, '');
  39 |   };
  40 |
  Plugin: vite:react-babel
  File: /Users/setuupadhyay/admin-login/src/components/FilterBar.jsx:37:8
  35 |    if (localFilters.search) activeFilterPills.push({ key: 'search', label: `Search: ${localFilters.search}`, value: '' });
  36 |  
  37 |    const removeFilter = (key) => {
     |          ^
  38 |      handleChange(key, '');
  39 |    };
      at constructor (/Users/setuupadhyay/admin-login/node_modules/@babel/parser/lib/index.js:365:19)
      at JSXParserMixin.raise (/Users/setuupadhyay/admin-login/node_modules/@babel/parser/lib/index.js:6616:19)
      at ScopeHandler.checkRedeclarationInScope (/Users/setuupadhyay/admin-login/node_modules/@babel/parser/lib/index.js:1619:19)
      at ScopeHandler.declareName (/Users/setuupadhyay/admin-login/node_modules/@babel/parser/lib/index.js:1585:12)
      at JSXParserMixin.declareNameFromIdentifier (/Users/setuupadhyay/admin-login/node_modules/@babel/parser/lib/index.js:7584:16)
      at JSXParserMixin.checkIdentifier (/Users/setuupadhyay/admin-login/node_modules/@babel/parser/lib/index.js:7580:12)
      at JSXParserMixin.checkLVal (/Users/setuupadhyay/admin-login/node_modules/@babel/parser/lib/index.js:7517:12)
      at JSXParserMixin.parseVarId (/Users/setuupadhyay/admin-login/node_modules/@babel/parser/lib/index.js:13429:10)
      at JSXParserMixin.parseVar (/Users/setuupadhyay/admin-login/node_modules/@babel/parser/lib/index.js:13400:12)
      at JSXParserMixin.parseVarStatement (/Users/setuupadhyay/admin-login/node_modules/@babel/parser/lib/index.js:13247:10)
      at JSXParserMixin.parseStatementContent (/Users/setuupadhyay/admin-login/node_modules/@babel/parser/lib/index.js:12868:23)
      at JSXParserMixin.parseStatementLike (/Users/setuupadhyay/admin-login/node_modules/@babel/parser/lib/index.js:12784:17)
      at JSXParserMixin.parseStatementListItem (/Users/setuupadhyay/admin-login/node_modules/@babel/parser/lib/index.js:12764:17)
      at JSXParserMixin.parseBlockOrModuleBlockBody (/Users/setuupadhyay/admin-login/node_modules/@babel/parser/lib/index.js:13333:61)
      at JSXParserMixin.parseBlockBody (/Users/setuupadhyay/admin-login/node_modules/@babel/parser/lib/index.js:13326:10)
      at JSXParserMixin.parseBlock (/Users/setuupadhyay/admin-login/node_modules/@babel/parser/lib/index.js:13314:10)
      at JSXParserMixin.parseFunctionBody (/Users/setuupadhyay/admin-login/node_modules/@babel/parser/lib/index.js:12117:24)
      at JSXParserMixin.parseFunctionBodyAndFinish (/Users/setuupadhyay/admin-login/node_modules/@babel/parser/lib/index.js:12103:10)
      at /Users/setuupadhyay/admin-login/node_modules/@babel/parser/lib/index.js:13462:12
      at JSXParserMixin.withSmartMixTopicForbiddingContext (/Users/setuupadhyay/admin-login/node_modules/@babel/parser/lib/index.js:12420:14)
      at JSXParserMixin.parseFunction (/Users/setuupadhyay/admin-login/node_modules/@babel/parser/lib/index.js:13461:10)
      at JSXParserMixin.parseExportDefaultExpression (/Users/setuupadhyay/admin-login/node_modules/@babel/parser/lib/index.js:13924:19)
      at JSXParserMixin.parseExport (/Users/setuupadhyay/admin-login/node_modules/@babel/parser/lib/index.js:13845:25)
      at JSXParserMixin.parseStatementContent (/Users/setuupadhyay/admin-login/node_modules/@babel/parser/lib/index.js:12895:27)
      at JSXParserMixin.parseStatementLike (/Users/setuupadhyay/admin-login/node_modules/@babel/parser/lib/index.js:12784:17)
      at JSXParserMixin.parseModuleItem (/Users/setuupadhyay/admin-login/node_modules/@babel/parser/lib/index.js:12761:17)
      at JSXParserMixin.parseBlockOrModuleBlockBody (/Users/setuupadhyay/admin-login/node_modules/@babel/parser/lib/index.js:13333:36)
      at JSXParserMixin.parseBlockBody (/Users/setuupadhyay/admin-login/node_modules/@babel/parser/lib/index.js:13326:10)
      at JSXParserMixin.parseProgram (/Users/setuupadhyay/admin-login/node_modules/@babel/parser/lib/index.js:12639:10)
      at JSXParserMixin.parseTopLevel (/Users/setuupadhyay/admin-login/node_modules/@babel/parser/lib/index.js:12629:25)
      at JSXParserMixin.parse (/Users/setuupadhyay/admin-login/node_modules/@babel/parser/lib/index.js:14505:25)
      at parse (/Users/setuupadhyay/admin-login/node_modules/@babel/parser/lib/index.js:14539:38)
      at parser (/Users/setuupadhyay/admin-login/node_modules/@babel/core/lib/parser/index.js:41:34)
      at parser.next (<anonymous>)
      at normalizeFile (/Users/setuupadhyay/admin-login/node_modules/@babel/core/lib/transformation/normalize-file.js:64:37)
      at normalizeFile.next (<anonymous>)
      at run (/Users/setuupadhyay/admin-login/node_modules/@babel/core/lib/transformation/index.js:22:50)
      at run.next (<anonymous>)
      at transform (/Users/setuupadhyay/admin-login/node_modules/@babel/core/lib/transform.js:22:33)
      at transform.next (<anonymous>)
      at step (/Users/setuupadhyay/admin-login/node_modules/gensync/index.js:261:32)
      at /Users/setuupadhyay/admin-login/node_modules/gensync/index.js:273:13
      at async.call.result.err.err (/Users/setuupadhyay/admin-login/node_modules/gensync/index.js:223:11)
      at /Users/setuupadhyay/admin-login/node_modules/gensync/index.js:189:28
      at /Users/setuupadhyay/admin-login/node_modules/@babel/core/lib/gensync-utils/async.js:67:7
      at /Users/setuupadhyay/admin-login/node_modules/gensync/index.js:113:33
      at step (/Users/setuupadhyay/admin-login/node_modules/gensync/index.js:287:14)
      at /Users/setuupadhyay/admin-login/node_modules/gensync/index.js:273:13
      at async.call.result.err.err (/Users/setuupadhyay/admin-login/node_modules/gensync/index.js:223:11)
5:09:01 PM [vite] hmr update /src/components/FilterBar.jsx
5:09:27 PM [vite] hmr update /src/components/FilterBar.jsx
5:16:15 PM [vite] hmr update /src/components/ToggleSwitch.jsx
5:18:44 PM [vite] hmr update /src/pages/UserProfiles.jsx
5:19:18 PM [vite] hmr update /src/components/ProfileModal.jsx
11:39:34 AM [vite] hmr update /src/pages/UserProfiles.jsx
11:39:47 AM [vite] hmr update /src/pages/UserProfiles.jsx
11:40:45 AM [vite] hmr update /src/components/FilterBar.jsx
11:40:47 AM [vite] hmr update /src/components/ComboboxSelect.jsx
11:40:50 AM [vite] hmr update /src/components/ProfileModal.jsx
11:40:52 AM [vite] hmr update /src/components/LoginToggleModal.jsx
11:40:55 AM [vite] hmr update /src/components/DeleteConfirmModal.jsx
11:40:56 AM [vite] hmr update /src/components/Layout.jsx
11:40:59 AM [vite] hmr update /src/App.jsx
11:41:19 AM [vite] hmr update /src/pages/AddProfile.jsx
11:41:21 AM [vite] hmr update /src/pages/EditProfile.jsx
11:41:24 AM [vite] hmr update /src/pages/EditProfile.jsx
11:41:29 AM [vite] hmr update /src/components/Pagination.jsx
11:41:34 AM [vite] hmr update /src/components/Pagination.jsx
11:42:02 AM [vite] hmr update /src/pages/AddProfile.jsx
11:42:06 AM [vite] hmr update /src/pages/AddProfile.jsx
11:42:09 AM [vite] hmr update /src/pages/EditProfile.jsx
11:42:12 AM [vite] hmr update /src/pages/EditProfile.jsx
11:42:14 AM [vite] hmr update /src/pages/EditProfile.jsx
11:42:38 AM [vite] hmr update /src/components/ProfileModal.jsx
11:53:46 AM [vite] hmr update /src/pages/UserProfiles.jsx
11:54:24 AM [vite] hmr update /src/pages/UserProfiles.jsx
11:55:59 AM [vite] hmr update /src/pages/AddProfile.jsx
11:57:01 AM [vite] hmr update /src/pages/EditProfile.jsx
11:58:04 AM [vite] hmr update /src/components/FilterBar.jsx
12:00:41 PM [vite] hmr update /src/pages/UserProfiles.jsx
12:00:42 PM [vite] hmr update /src/pages/UserProfiles.jsx
12:06:37 PM [vite] hmr update /src/pages/AddProfile.jsx
12:07:48 PM [vite] hmr update /src/pages/EditProfile.jsx
12:12:59 PM [vite] hmr update /src/pages/UserProfiles.jsx
12:13:19 PM [vite] hmr update /src/pages/UserProfiles.jsx
12:25:56 PM [vite] hmr update /src/pages/UserProfiles.jsx
12:31:09 PM [vite] hmr update /src/pages/UserProfiles.jsx
12:31:24 PM [vite] hmr update /src/pages/UserProfiles.jsx
12:31:54 PM [vite] hmr update /src/pages/AddProfile.jsx
12:32:24 PM [vite] hmr update /src/pages/AddProfile.jsx
12:32:25 PM [vite] hmr update /src/pages/AddProfile.jsx
12:32:26 PM [vite] hmr update /src/pages/AddProfile.jsx
12:32:27 PM [vite] hmr update /src/pages/AddProfile.jsx
12:32:28 PM [vite] hmr update /src/pages/AddProfile.jsx
12:33:01 PM [vite] hmr update /src/pages/EditProfile.jsx
12:33:16 PM [vite] hmr update /src/pages/EditProfile.jsx
12:33:18 PM [vite] hmr update /src/pages/EditProfile.jsx
12:33:19 PM [vite] hmr update /src/pages/EditProfile.jsx
12:33:20 PM [vite] hmr update /src/pages/EditProfile.jsx
12:33:21 PM [vite] hmr update /src/pages/EditProfile.jsx
12:33:36 PM [vite] hmr update /src/components/FilterBar.jsx
12:33:55 PM [vite] hmr update /src/components/FilterBar.jsx
12:34:13 PM [vite] hmr update /src/components/FilterBar.jsx
12:40:44 PM [vite] hmr update /src/pages/AddProfile.jsx
12:43:08 PM [vite] hmr update /src/pages/EditProfile.jsx
12:43:28 PM [vite] hmr update /src/pages/EditProfile.jsx
1:59:33 PM [vite] hmr update /src/pages/UserProfiles.jsx
2:00:17 PM [vite] hmr update /src/pages/UserProfiles.jsx
2:07:56 PM [vite] hmr update /src/components/DeleteConfirmModal.jsx
2:08:26 PM [vite] hmr update /src/components/LoginToggleModal.jsx
2:09:13 PM [vite] hmr update /src/components/ProfileModal.jsx
2:10:10 PM [vite] hmr update /src/components/FilterBar.jsx
2:11:11 PM [vite] hmr update /src/pages/UserProfiles.jsx
2:11:28 PM [vite] hmr update /src/pages/AddProfile.jsx
2:26:55 PM [vite] hmr update /src/pages/UserProfiles.jsx, /src/pages/EditProfile.jsx
2:27:32 PM [vite] hmr update /src/pages/UserProfiles.jsx
2:28:00 PM [vite] hmr update /src/pages/UserProfiles.jsx
2:28:18 PM [vite] hmr update /src/pages/UserProfiles.jsx
2:28:40 PM [vite] hmr update /src/pages/UserProfiles.jsx
2:29:16 PM [vite] hmr update /src/pages/UserProfiles.jsx
2:29:30 PM [vite] hmr update /src/pages/UserProfiles.jsx
2:30:32 PM [vite] hmr update /src/pages/EditProfile.jsx
2:31:31 PM [vite] hmr update /src/pages/EditProfile.jsx
2:31:52 PM [vite] hmr update /src/pages/EditProfile.jsx
2:32:13 PM [vite] hmr update /src/pages/AddProfile.jsx
2:32:53 PM [vite] hmr update /src/pages/EditProfile.jsx
2:33:25 PM [vite] hmr update /src/pages/AddProfile.jsx
2:33:59 PM [vite] hmr update /src/pages/AddProfile.jsx
2:39:27 PM [vite] hmr update /src/components/DeleteConfirmModal.jsx
2:40:13 PM [vite] hmr update /src/components/LoginToggleModal.jsx
2:41:07 PM [vite] hmr update /src/components/ProfileModal.jsx
2:45:54 PM [vite] hmr update /src/components/DeleteConfirmModal.jsx
2:46:34 PM [vite] hmr update /src/components/LoginToggleModal.jsx
2:49:23 PM [vite] hmr update /src/components/DeleteConfirmModal.jsx
2:49:56 PM [vite] hmr update /src/components/LoginToggleModal.jsx
3:00:28 PM [vite] hmr update /src/components/LoginToggleModal.jsx
3:00:54 PM [vite] hmr update /src/components/DeleteConfirmModal.jsx
3:13:53 PM [vite] hmr update /src/pages/AddProfile.jsx
3:13:54 PM [vite] hmr update /src/pages/EditProfile.jsx
3:14:02 PM [vite] hmr update /src/pages/UserProfiles.jsx, /src/pages/EditProfile.jsx
3:14:11 PM [vite] hmr update /src/pages/UserProfiles.jsx, /src/pages/EditProfile.jsx
3:16:04 PM [vite] hmr update /src/components/FilterBar.jsx
5:07:46 PM [vite] hmr update /src/components/FilterBar.jsx
5:08:16 PM [vite] hmr update /src/pages/UserProfiles.jsx
5:08:29 PM [vite] hmr update /src/pages/UserProfiles.jsx
5:08:42 PM [vite] hmr update /src/pages/UserProfiles.jsx
5:09:09 PM [vite] hmr update /src/pages/UserProfiles.jsx
5:29:56 PM [vite] hmr update /src/components/ProfileModal.jsx
5:30:13 PM [vite] hmr update /src/components/FilterBar.jsx
5:48:35 PM [vite] hmr update /src/App.jsx
5:48:52 PM [vite] hmr update /src/App.jsx
5:49:11 PM [vite] hmr update /src/pages/UserProfiles.jsx
5:49:33 PM [vite] hmr update /src/pages/UserProfiles.jsx
5:49:53 PM [vite] hmr update /src/pages/UserProfiles.jsx
5:52:43 PM [vite] hmr update /src/pages/UserProfiles.jsx
5:53:14 PM [vite] hmr update /src/components/FilterBar.jsx
6:52:45 PM [vite] hmr update /src/pages/UserProfiles.jsx, /src/pages/EditProfile.jsx
6:53:03 PM [vite] hmr update /src/pages/UserProfiles.jsx, /src/pages/EditProfile.jsx
6:53:23 PM [vite] hmr update /src/pages/UserProfiles.jsx, /src/pages/EditProfile.jsx
6:53:40 PM [vite] hmr update /src/pages/AddProfile.jsx
6:53:41 PM [vite] hmr update /src/pages/EditProfile.jsx
6:53:42 PM [vite] hmr update /src/components/Layout.jsx
6:53:58 PM [vite] hmr update /src/components/Layout.jsx
